---
http_interactions:
- request:
    method: post
    uri: http://localhost:8080/rest/
    body:
      encoding: UTF-8
      string: ''
    headers:
      Content-Type:
      - text/turtle
      Prefer:
      - return=representation; include="http://fedora.info/definitions/v4/repository#InboundReferences";
        omit="http://www.w3.org/ns/ldp#PreferContainment"
      Slug:
      - a/b/c
      Accept-Encoding:
      - gzip;q=1.0,deflate;q=0.6,identity;q=0.3
      Accept:
      - "*/*"
      User-Agent:
      - Ruby
  response:
    status:
      code: 201
      message: Created
    headers:
      Etag:
      - '"a4a544b31ee156fd51feda01071eb1a41737a677"'
      Last-Modified:
      - Wed, 07 May 2014 22:10:17 GMT
      Location:
      - http://localhost:8080/rest/a/b/c
      Content-Type:
      - text/plain
      Transfer-Encoding:
      - chunked
      Server:
      - Jetty(8.1.11.v20130520)
    body:
      encoding: UTF-8
      string: http://localhost:8080/rest/a/b/c
    http_version: 
  recorded_at: Wed, 07 May 2014 22:10:17 GMT
- request:
    method: get
    uri: http://localhost:8080/rest/a/b/c
    body:
      encoding: US-ASCII
      string: ''
    headers:
      Accept:
      - text/turtle
      Prefer:
      - return=representation; include="http://fedora.info/definitions/v4/repository#InboundReferences";
        omit="http://www.w3.org/ns/ldp#PreferContainment"
      Accept-Encoding:
      - gzip;q=1.0,deflate;q=0.6,identity;q=0.3
      User-Agent:
      - Ruby
  response:
    status:
      code: 200
      message: OK
    headers:
      Etag:
      - '"a4a544b31ee156fd51feda01071eb1a41737a677"'
      Last-Modified:
      - Wed, 07 May 2014 22:10:17 GMT
      Preference-Applied:
      - return=representation; include="http://www.w3.org/ns/ldp#PreferMembership
        http://fedora.info/definitions/v4/repository#InboundReferences"
      Vary:
      - Prefer
      Accept-Patch:
      - application/sparql-update
      Allow:
      - MOVE,COPY,DELETE,POST,HEAD,GET,PUT,PATCH,OPTIONS
      Accept-Post:
      - text/turtle,text/rdf+n3,application/n3,text/n3,application/rdf+xml,application/n-triples,multipart/form-data,application/sparql-update
      Link:
      - <http://www.w3.org/ns/ldp#DirectContainer>;rel="type"
      - <http://www.w3.org/ns/ldp#Resource>;rel="type"
      Content-Type:
      - text/turtle
      Transfer-Encoding:
      - chunked
      Server:
      - Jetty(8.1.11.v20130520)
    body:
      encoding: UTF-8
      string: "\n<http://localhost:8080/rest/a/b/c> <http://fedora.info/definitions/v4/rest-api#hasAccessRoles>
        <http://localhost:8080/rest/a/b/c/fcr:accessroles> ;\n\t<http://fedora.info/definitions/v4/rest-api#exportsAs>
        <http://localhost:8080/rest/a/b/c/fcr:export?format=jcr/xml> ;\n\t<http://fedora.info/definitions/v4/repository#hasParent>
        <http://localhost:8080/rest/a/b> ;\n\ta <http://www.w3.org/ns/ldp#Container>
        , <http://www.w3.org/ns/ldp#DirectContainer> ;\n\t<http://www.w3.org/ns/ldp#membershipResource>
        <http://localhost:8080/rest/a/b/c> ;\n\t<http://www.w3.org/ns/ldp#hasMemberRelation>
        <http://fedora.info/definitions/v4/repository#hasChild> ;\n\ta <http://www.jcp.org/jcr/nt/1.0folder>
        , <http://www.jcp.org/jcr/nt/1.0hierarchyNode> , <http://www.jcp.org/jcr/nt/1.0base>
        , <http://www.jcp.org/jcr/mix/1.0created> , <http://fedora.info/definitions/v4/rest-api#resource>
        , <http://fedora.info/definitions/v4/rest-api#object> , <http://fedora.info/definitions/v4/rest-api#relations>
        , <http://www.jcp.org/jcr/mix/1.0created> , <http://www.jcp.org/jcr/mix/1.0lastModified>
        , <http://www.jcp.org/jcr/mix/1.0lockable> , <http://www.jcp.org/jcr/mix/1.0referenceable>
        , <http://purl.org/dc/elements/1.1/describable> , <http://fedora.info/definitions/v4/rest-api#resource>
        ;\n\t<http://fedora.info/definitions/v4/repository#primaryType> \"nt:folder\"^^<http://www.w3.org/2001/XMLSchema#string>
        ;\n\t<http://fedora.info/definitions/v4/repository#created> \"2014-05-07T22:10:17.715Z\"^^<http://www.w3.org/2001/XMLSchema#string>
        ;\n\t<http://fedora.info/definitions/v4/repository#lastModified> \"2014-05-07T22:10:17.711Z\"^^<http://www.w3.org/2001/XMLSchema#string>
        ;\n\t<http://fedora.info/definitions/v4/repository#mixinTypes> \"fedora:resource\"^^<http://www.w3.org/2001/XMLSchema#string>
        , \"fedora:object\"^^<http://www.w3.org/2001/XMLSchema#string> ;\n\t<http://fedora.info/definitions/v4/repository#lastModifiedBy>
        \"bypassAdmin\"^^<http://www.w3.org/2001/XMLSchema#string> ;\n\t<http://fedora.info/definitions/v4/repository#uuid>
        \"d8538a8f-393e-4d17-8be2-0ac8c8ec473c\"^^<http://www.w3.org/2001/XMLSchema#string>
        ;\n\t<http://fedora.info/definitions/v4/repository#createdBy> \"bypassAdmin\"^^<http://www.w3.org/2001/XMLSchema#string>
        ;\n\ta <http://www.jcp.org/jcr/nt/1.0folder> , <http://www.jcp.org/jcr/nt/1.0hierarchyNode>
        , <http://www.jcp.org/jcr/nt/1.0base> , <http://www.jcp.org/jcr/mix/1.0created>
        , <http://fedora.info/definitions/v4/rest-api#resource> , <http://fedora.info/definitions/v4/rest-api#object>
        , <http://fedora.info/definitions/v4/rest-api#relations> , <http://www.jcp.org/jcr/mix/1.0created>
        , <http://www.jcp.org/jcr/mix/1.0lastModified> , <http://www.jcp.org/jcr/mix/1.0lockable>
        , <http://www.jcp.org/jcr/mix/1.0referenceable> , <http://purl.org/dc/elements/1.1/describable>
        , <http://fedora.info/definitions/v4/rest-api#resource> .\n"
    http_version: 
  recorded_at: Wed, 07 May 2014 22:10:17 GMT
- request:
    method: get
    uri: http://localhost:8080/rest/a/b
    body:
      encoding: US-ASCII
      string: ''
    headers:
      Accept:
      - text/turtle
      Prefer:
      - return=representation; include="http://fedora.info/definitions/v4/repository#InboundReferences";
        omit="http://www.w3.org/ns/ldp#PreferContainment"
      Accept-Encoding:
      - gzip;q=1.0,deflate;q=0.6,identity;q=0.3
      User-Agent:
      - Ruby
  response:
    status:
      code: 200
      message: OK
    headers:
      Etag:
      - '"326aeb066b0de34bf556c5d3fa75274633ba601d"'
      Last-Modified:
      - Wed, 07 May 2014 22:10:17 GMT
      Preference-Applied:
      - return=representation; include="http://www.w3.org/ns/ldp#PreferMembership
        http://fedora.info/definitions/v4/repository#InboundReferences"
      Vary:
      - Prefer
      Accept-Patch:
      - application/sparql-update
      Allow:
      - MOVE,COPY,DELETE,POST,HEAD,GET,PUT,PATCH,OPTIONS
      Accept-Post:
      - text/turtle,text/rdf+n3,application/n3,text/n3,application/rdf+xml,application/n-triples,multipart/form-data,application/sparql-update
      Link:
      - <http://www.w3.org/ns/ldp#DirectContainer>;rel="type"
      - <http://www.w3.org/ns/ldp#Resource>;rel="type"
      Content-Type:
      - text/turtle
      Transfer-Encoding:
      - chunked
      Server:
      - Jetty(8.1.11.v20130520)
    body:
      encoding: UTF-8
      string: "\n<http://localhost:8080/rest/a/b> <http://fedora.info/definitions/v4/rest-api#exportsAs>
        <http://localhost:8080/rest/a/b/fcr:export?format=jcr/xml> ;\n\t<http://fedora.info/definitions/v4/repository#hasChild>
        <http://localhost:8080/rest/a/b/c> ;\n\t<http://fedora.info/definitions/v4/repository#hasParent>
        <http://localhost:8080/rest/a> ;\n\ta <http://www.w3.org/ns/ldp#Container>
        , <http://www.w3.org/ns/ldp#DirectContainer> ;\n\t<http://www.w3.org/ns/ldp#membershipResource>
        <http://localhost:8080/rest/a/b> ;\n\t<http://www.w3.org/ns/ldp#hasMemberRelation>
        <http://fedora.info/definitions/v4/repository#hasChild> ;\n\ta <http://www.jcp.org/jcr/nt/1.0folder>
        , <http://www.jcp.org/jcr/nt/1.0hierarchyNode> , <http://www.jcp.org/jcr/nt/1.0base>
        , <http://www.jcp.org/jcr/mix/1.0created> ;\n\t<http://fedora.info/definitions/v4/repository#primaryType>
        \"nt:folder\"^^<http://www.w3.org/2001/XMLSchema#string> ;\n\t<http://fedora.info/definitions/v4/repository#created>
        \"2014-05-07T22:10:17.715Z\"^^<http://www.w3.org/2001/XMLSchema#string> ;\n\t<http://fedora.info/definitions/v4/repository#createdBy>
        \"bypassAdmin\"^^<http://www.w3.org/2001/XMLSchema#string> ;\n\ta <http://www.jcp.org/jcr/nt/1.0folder>
        , <http://www.jcp.org/jcr/nt/1.0hierarchyNode> , <http://www.jcp.org/jcr/nt/1.0base>
        , <http://www.jcp.org/jcr/mix/1.0created> .\n"
    http_version: 
  recorded_at: Wed, 07 May 2014 22:10:17 GMT
recorded_with: VCR 2.8.0
