---
http_interactions:
- request:
    method: post
    uri: http://localhost:8080/rest/
    body:
      encoding: UTF-8
      string: ''
    headers:
      Content-Type:
      - text/turtle
      Prefer:
      - return=representation; include="http://fedora.info/definitions/v4/repository#InboundReferences";
        omit="http://www.w3.org/ns/ldp#PreferContainment"
      Slug:
      - foafs
      Accept-Encoding:
      - gzip;q=1.0,deflate;q=0.6,identity;q=0.3
      Accept:
      - "*/*"
      User-Agent:
      - Ruby
  response:
    status:
      code: 201
      message: Created
    headers:
      Etag:
      - '"1e07b86c722c5a383887cb817f8339832df78404"'
      Last-Modified:
      - Wed, 07 May 2014 22:10:18 GMT
      Location:
      - http://localhost:8080/rest/foafs
      Content-Type:
      - text/plain
      Transfer-Encoding:
      - chunked
      Server:
      - Jetty(8.1.11.v20130520)
    body:
      encoding: UTF-8
      string: http://localhost:8080/rest/foafs
    http_version: 
  recorded_at: Wed, 07 May 2014 22:10:18 GMT
- request:
    method: get
    uri: http://localhost:8080/rest/foafs
    body:
      encoding: US-ASCII
      string: ''
    headers:
      Accept:
      - text/turtle
      Prefer:
      - return=representation; include="http://fedora.info/definitions/v4/repository#InboundReferences";
        omit="http://www.w3.org/ns/ldp#PreferContainment"
      Accept-Encoding:
      - gzip;q=1.0,deflate;q=0.6,identity;q=0.3
      User-Agent:
      - Ruby
  response:
    status:
      code: 200
      message: OK
    headers:
      Etag:
      - '"1e07b86c722c5a383887cb817f8339832df78404"'
      Last-Modified:
      - Wed, 07 May 2014 22:10:18 GMT
      Preference-Applied:
      - return=representation; include="http://www.w3.org/ns/ldp#PreferMembership
        http://fedora.info/definitions/v4/repository#InboundReferences"
      Vary:
      - Prefer
      Accept-Patch:
      - application/sparql-update
      Allow:
      - MOVE,COPY,DELETE,POST,HEAD,GET,PUT,PATCH,OPTIONS
      Accept-Post:
      - text/turtle,text/rdf+n3,application/n3,text/n3,application/rdf+xml,application/n-triples,multipart/form-data,application/sparql-update
      Link:
      - <http://www.w3.org/ns/ldp#DirectContainer>;rel="type"
      - <http://www.w3.org/ns/ldp#Resource>;rel="type"
      Content-Type:
      - text/turtle
      Transfer-Encoding:
      - chunked
      Server:
      - Jetty(8.1.11.v20130520)
    body:
      encoding: UTF-8
      string: "\n<http://localhost:8080/rest/foafs> <http://fedora.info/definitions/v4/rest-api#hasAccessRoles>
        <http://localhost:8080/rest/foafs/fcr:accessroles> ;\n\t<http://fedora.info/definitions/v4/rest-api#exportsAs>
        <http://localhost:8080/rest/foafs/fcr:export?format=jcr/xml> ;\n\t<http://fedora.info/definitions/v4/repository#hasParent>
        <http://localhost:8080/rest/> ;\n\ta <http://www.w3.org/ns/ldp#Container>
        , <http://www.w3.org/ns/ldp#DirectContainer> ;\n\t<http://www.w3.org/ns/ldp#membershipResource>
        <http://localhost:8080/rest/foafs> ;\n\t<http://www.w3.org/ns/ldp#hasMemberRelation>
        <http://fedora.info/definitions/v4/repository#hasChild> ;\n\ta <http://www.jcp.org/jcr/nt/1.0folder>
        , <http://www.jcp.org/jcr/nt/1.0hierarchyNode> , <http://www.jcp.org/jcr/nt/1.0base>
        , <http://www.jcp.org/jcr/mix/1.0created> , <http://fedora.info/definitions/v4/rest-api#resource>
        , <http://fedora.info/definitions/v4/rest-api#object> , <http://fedora.info/definitions/v4/rest-api#relations>
        , <http://www.jcp.org/jcr/mix/1.0created> , <http://www.jcp.org/jcr/mix/1.0lastModified>
        , <http://www.jcp.org/jcr/mix/1.0lockable> , <http://www.jcp.org/jcr/mix/1.0referenceable>
        , <http://purl.org/dc/elements/1.1/describable> , <http://fedora.info/definitions/v4/rest-api#resource>
        ;\n\t<http://fedora.info/definitions/v4/repository#primaryType> \"nt:folder\"^^<http://www.w3.org/2001/XMLSchema#string>
        ;\n\t<http://fedora.info/definitions/v4/repository#created> \"2014-05-07T22:10:18.263Z\"^^<http://www.w3.org/2001/XMLSchema#string>
        ;\n\t<http://fedora.info/definitions/v4/repository#lastModified> \"2014-05-07T22:10:18.26Z\"^^<http://www.w3.org/2001/XMLSchema#string>
        ;\n\t<http://fedora.info/definitions/v4/repository#mixinTypes> \"fedora:resource\"^^<http://www.w3.org/2001/XMLSchema#string>
        , \"fedora:object\"^^<http://www.w3.org/2001/XMLSchema#string> ;\n\t<http://fedora.info/definitions/v4/repository#lastModifiedBy>
        \"bypassAdmin\"^^<http://www.w3.org/2001/XMLSchema#string> ;\n\t<http://fedora.info/definitions/v4/repository#uuid>
        \"fcf07d67-8015-4e79-8421-485662a7f07e\"^^<http://www.w3.org/2001/XMLSchema#string>
        ;\n\t<http://fedora.info/definitions/v4/repository#createdBy> \"bypassAdmin\"^^<http://www.w3.org/2001/XMLSchema#string>
        ;\n\ta <http://www.jcp.org/jcr/nt/1.0folder> , <http://www.jcp.org/jcr/nt/1.0hierarchyNode>
        , <http://www.jcp.org/jcr/nt/1.0base> , <http://www.jcp.org/jcr/mix/1.0created>
        , <http://fedora.info/definitions/v4/rest-api#resource> , <http://fedora.info/definitions/v4/rest-api#object>
        , <http://fedora.info/definitions/v4/rest-api#relations> , <http://www.jcp.org/jcr/mix/1.0created>
        , <http://www.jcp.org/jcr/mix/1.0lastModified> , <http://www.jcp.org/jcr/mix/1.0lockable>
        , <http://www.jcp.org/jcr/mix/1.0referenceable> , <http://purl.org/dc/elements/1.1/describable>
        , <http://fedora.info/definitions/v4/rest-api#resource> .\n"
    http_version: 
  recorded_at: Wed, 07 May 2014 22:10:18 GMT
- request:
    method: post
    uri: http://localhost:8080/rest/
    body:
      encoding: UTF-8
      string: |2

        <> <http://xmlns.com/foaf/0.1/lastName> "Smith" .
    headers:
      Content-Type:
      - text/turtle
      Prefer:
      - return=representation; include="http://fedora.info/definitions/v4/repository#InboundReferences";
        omit="http://www.w3.org/ns/ldp#PreferContainment"
      Accept-Encoding:
      - gzip;q=1.0,deflate;q=0.6,identity;q=0.3
      Accept:
      - "*/*"
      User-Agent:
      - Ruby
  response:
    status:
      code: 201
      message: Created
    headers:
      Etag:
      - '"414ced9ea9035f7856717ce97889851909cc19b3"'
      Last-Modified:
      - Wed, 07 May 2014 22:10:18 GMT
      Location:
      - http://localhost:8080/rest/71/3c/86/ef/713c86ef-6b0c-4b83-8d26-a8f7120aa307
      Content-Type:
      - text/plain
      Transfer-Encoding:
      - chunked
      Server:
      - Jetty(8.1.11.v20130520)
    body:
      encoding: UTF-8
      string: http://localhost:8080/rest/71/3c/86/ef/713c86ef-6b0c-4b83-8d26-a8f7120aa307
    http_version: 
  recorded_at: Wed, 07 May 2014 22:10:18 GMT
- request:
    method: get
    uri: http://localhost:8080/rest/71/3c/86/ef/713c86ef-6b0c-4b83-8d26-a8f7120aa307
    body:
      encoding: US-ASCII
      string: ''
    headers:
      Accept:
      - text/turtle
      Prefer:
      - return=representation; include="http://fedora.info/definitions/v4/repository#InboundReferences";
        omit="http://www.w3.org/ns/ldp#PreferContainment"
      Accept-Encoding:
      - gzip;q=1.0,deflate;q=0.6,identity;q=0.3
      User-Agent:
      - Ruby
  response:
    status:
      code: 200
      message: OK
    headers:
      Etag:
      - '"414ced9ea9035f7856717ce97889851909cc19b3"'
      Last-Modified:
      - Wed, 07 May 2014 22:10:18 GMT
      Preference-Applied:
      - return=representation; include="http://www.w3.org/ns/ldp#PreferMembership
        http://fedora.info/definitions/v4/repository#InboundReferences"
      Vary:
      - Prefer
      Accept-Patch:
      - application/sparql-update
      Allow:
      - MOVE,COPY,DELETE,POST,HEAD,GET,PUT,PATCH,OPTIONS
      Accept-Post:
      - text/turtle,text/rdf+n3,application/n3,text/n3,application/rdf+xml,application/n-triples,multipart/form-data,application/sparql-update
      Link:
      - <http://www.w3.org/ns/ldp#DirectContainer>;rel="type"
      - <http://www.w3.org/ns/ldp#Resource>;rel="type"
      Content-Type:
      - text/turtle
      Transfer-Encoding:
      - chunked
      Server:
      - Jetty(8.1.11.v20130520)
    body:
      encoding: UTF-8
      string: "\n<http://localhost:8080/rest/71/3c/86/ef/713c86ef-6b0c-4b83-8d26-a8f7120aa307>
        <http://fedora.info/definitions/v4/rest-api#hasAccessRoles> <http://localhost:8080/rest/71/3c/86/ef/713c86ef-6b0c-4b83-8d26-a8f7120aa307/fcr:accessroles>
        ;\n\t<http://fedora.info/definitions/v4/rest-api#exportsAs> <http://localhost:8080/rest/71/3c/86/ef/713c86ef-6b0c-4b83-8d26-a8f7120aa307/fcr:export?format=jcr/xml>
        ;\n\t<http://fedora.info/definitions/v4/repository#hasParent> <http://localhost:8080/rest/71/3c/86/ef>
        ;\n\ta <http://www.w3.org/ns/ldp#Container> , <http://www.w3.org/ns/ldp#DirectContainer>
        ;\n\t<http://www.w3.org/ns/ldp#membershipResource> <http://localhost:8080/rest/71/3c/86/ef/713c86ef-6b0c-4b83-8d26-a8f7120aa307>
        ;\n\t<http://www.w3.org/ns/ldp#hasMemberRelation> <http://fedora.info/definitions/v4/repository#hasChild>
        ;\n\ta <http://www.jcp.org/jcr/nt/1.0folder> , <http://www.jcp.org/jcr/nt/1.0hierarchyNode>
        , <http://www.jcp.org/jcr/nt/1.0base> , <http://www.jcp.org/jcr/mix/1.0created>
        , <http://fedora.info/definitions/v4/rest-api#resource> , <http://fedora.info/definitions/v4/rest-api#object>
        , <http://fedora.info/definitions/v4/rest-api#relations> , <http://www.jcp.org/jcr/mix/1.0created>
        , <http://www.jcp.org/jcr/mix/1.0lastModified> , <http://www.jcp.org/jcr/mix/1.0lockable>
        , <http://www.jcp.org/jcr/mix/1.0referenceable> , <http://purl.org/dc/elements/1.1/describable>
        , <http://fedora.info/definitions/v4/rest-api#resource> ;\n\t<http://fedora.info/definitions/v4/repository#primaryType>
        \"nt:folder\"^^<http://www.w3.org/2001/XMLSchema#string> ;\n\t<http://fedora.info/definitions/v4/repository#created>
        \"2014-05-07T22:10:18.471Z\"^^<http://www.w3.org/2001/XMLSchema#string> ;\n\t<http://fedora.info/definitions/v4/repository#lastModified>
        \"2014-05-07T22:10:18.467Z\"^^<http://www.w3.org/2001/XMLSchema#string> ;\n\t<http://fedora.info/definitions/v4/repository#mixinTypes>
        \"fedora:resource\"^^<http://www.w3.org/2001/XMLSchema#string> , \"fedora:object\"^^<http://www.w3.org/2001/XMLSchema#string>
        ;\n\t<http://xmlns.com/foaf/0.1/lastName> \"Smith\"^^<http://www.w3.org/2001/XMLSchema#string>
        ;\n\t<http://fedora.info/definitions/v4/repository#lastModifiedBy> \"bypassAdmin\"^^<http://www.w3.org/2001/XMLSchema#string>
        ;\n\t<http://fedora.info/definitions/v4/repository#uuid> \"180adce4-4866-4722-a67c-a917c9728123\"^^<http://www.w3.org/2001/XMLSchema#string>
        ;\n\t<http://fedora.info/definitions/v4/repository#createdBy> \"bypassAdmin\"^^<http://www.w3.org/2001/XMLSchema#string>
        ;\n\ta <http://www.jcp.org/jcr/nt/1.0folder> , <http://www.jcp.org/jcr/nt/1.0hierarchyNode>
        , <http://www.jcp.org/jcr/nt/1.0base> , <http://www.jcp.org/jcr/mix/1.0created>
        , <http://fedora.info/definitions/v4/rest-api#resource> , <http://fedora.info/definitions/v4/rest-api#object>
        , <http://fedora.info/definitions/v4/rest-api#relations> , <http://www.jcp.org/jcr/mix/1.0created>
        , <http://www.jcp.org/jcr/mix/1.0lastModified> , <http://www.jcp.org/jcr/mix/1.0lockable>
        , <http://www.jcp.org/jcr/mix/1.0referenceable> , <http://purl.org/dc/elements/1.1/describable>
        , <http://fedora.info/definitions/v4/rest-api#resource> .\n"
    http_version: 
  recorded_at: Wed, 07 May 2014 22:10:18 GMT
- request:
    method: get
    uri: http://localhost:8080/rest/71/3c/86/ef/713c86ef-6b0c-4b83-8d26-a8f7120aa307
    body:
      encoding: US-ASCII
      string: ''
    headers:
      Accept:
      - text/turtle
      Prefer:
      - return=representation; include="http://fedora.info/definitions/v4/repository#InboundReferences";
        omit="http://www.w3.org/ns/ldp#PreferContainment"
      Accept-Encoding:
      - gzip;q=1.0,deflate;q=0.6,identity;q=0.3
      User-Agent:
      - Ruby
  response:
    status:
      code: 200
      message: OK
    headers:
      Etag:
      - '"414ced9ea9035f7856717ce97889851909cc19b3"'
      Last-Modified:
      - Wed, 07 May 2014 22:10:18 GMT
      Preference-Applied:
      - return=representation; include="http://www.w3.org/ns/ldp#PreferMembership
        http://fedora.info/definitions/v4/repository#InboundReferences"
      Vary:
      - Prefer
      Accept-Patch:
      - application/sparql-update
      Allow:
      - MOVE,COPY,DELETE,POST,HEAD,GET,PUT,PATCH,OPTIONS
      Accept-Post:
      - text/turtle,text/rdf+n3,application/n3,text/n3,application/rdf+xml,application/n-triples,multipart/form-data,application/sparql-update
      Link:
      - <http://www.w3.org/ns/ldp#DirectContainer>;rel="type"
      - <http://www.w3.org/ns/ldp#Resource>;rel="type"
      Content-Type:
      - text/turtle
      Transfer-Encoding:
      - chunked
      Server:
      - Jetty(8.1.11.v20130520)
    body:
      encoding: UTF-8
      string: "\n<http://localhost:8080/rest/71/3c/86/ef/713c86ef-6b0c-4b83-8d26-a8f7120aa307>
        <http://fedora.info/definitions/v4/rest-api#hasAccessRoles> <http://localhost:8080/rest/71/3c/86/ef/713c86ef-6b0c-4b83-8d26-a8f7120aa307/fcr:accessroles>
        ;\n\t<http://fedora.info/definitions/v4/rest-api#exportsAs> <http://localhost:8080/rest/71/3c/86/ef/713c86ef-6b0c-4b83-8d26-a8f7120aa307/fcr:export?format=jcr/xml>
        ;\n\t<http://fedora.info/definitions/v4/repository#hasParent> <http://localhost:8080/rest/71/3c/86/ef>
        ;\n\ta <http://www.w3.org/ns/ldp#Container> , <http://www.w3.org/ns/ldp#DirectContainer>
        ;\n\t<http://www.w3.org/ns/ldp#membershipResource> <http://localhost:8080/rest/71/3c/86/ef/713c86ef-6b0c-4b83-8d26-a8f7120aa307>
        ;\n\t<http://www.w3.org/ns/ldp#hasMemberRelation> <http://fedora.info/definitions/v4/repository#hasChild>
        ;\n\ta <http://www.jcp.org/jcr/nt/1.0folder> , <http://www.jcp.org/jcr/nt/1.0hierarchyNode>
        , <http://www.jcp.org/jcr/nt/1.0base> , <http://www.jcp.org/jcr/mix/1.0created>
        , <http://fedora.info/definitions/v4/rest-api#resource> , <http://fedora.info/definitions/v4/rest-api#object>
        , <http://fedora.info/definitions/v4/rest-api#relations> , <http://www.jcp.org/jcr/mix/1.0created>
        , <http://www.jcp.org/jcr/mix/1.0lastModified> , <http://www.jcp.org/jcr/mix/1.0lockable>
        , <http://www.jcp.org/jcr/mix/1.0referenceable> , <http://purl.org/dc/elements/1.1/describable>
        , <http://fedora.info/definitions/v4/rest-api#resource> ;\n\t<http://fedora.info/definitions/v4/repository#primaryType>
        \"nt:folder\"^^<http://www.w3.org/2001/XMLSchema#string> ;\n\t<http://fedora.info/definitions/v4/repository#created>
        \"2014-05-07T22:10:18.471Z\"^^<http://www.w3.org/2001/XMLSchema#string> ;\n\t<http://fedora.info/definitions/v4/repository#lastModified>
        \"2014-05-07T22:10:18.467Z\"^^<http://www.w3.org/2001/XMLSchema#string> ;\n\t<http://fedora.info/definitions/v4/repository#mixinTypes>
        \"fedora:resource\"^^<http://www.w3.org/2001/XMLSchema#string> , \"fedora:object\"^^<http://www.w3.org/2001/XMLSchema#string>
        ;\n\t<http://xmlns.com/foaf/0.1/lastName> \"Smith\"^^<http://www.w3.org/2001/XMLSchema#string>
        ;\n\t<http://fedora.info/definitions/v4/repository#lastModifiedBy> \"bypassAdmin\"^^<http://www.w3.org/2001/XMLSchema#string>
        ;\n\t<http://fedora.info/definitions/v4/repository#uuid> \"180adce4-4866-4722-a67c-a917c9728123\"^^<http://www.w3.org/2001/XMLSchema#string>
        ;\n\t<http://fedora.info/definitions/v4/repository#createdBy> \"bypassAdmin\"^^<http://www.w3.org/2001/XMLSchema#string>
        ;\n\ta <http://www.jcp.org/jcr/nt/1.0folder> , <http://www.jcp.org/jcr/nt/1.0hierarchyNode>
        , <http://www.jcp.org/jcr/nt/1.0base> , <http://www.jcp.org/jcr/mix/1.0created>
        , <http://fedora.info/definitions/v4/rest-api#resource> , <http://fedora.info/definitions/v4/rest-api#object>
        , <http://fedora.info/definitions/v4/rest-api#relations> , <http://www.jcp.org/jcr/mix/1.0created>
        , <http://www.jcp.org/jcr/mix/1.0lastModified> , <http://www.jcp.org/jcr/mix/1.0lockable>
        , <http://www.jcp.org/jcr/mix/1.0referenceable> , <http://purl.org/dc/elements/1.1/describable>
        , <http://fedora.info/definitions/v4/rest-api#resource> .\n"
    http_version: 
  recorded_at: Wed, 07 May 2014 22:10:18 GMT
recorded_with: VCR 2.8.0
